[    0.000000] microcode: microcode updated early to revision 0x112, date = 2022-12-19
[    0.000000] Linux version 5.17.4 (root@dcslab-ZNS04) (gcc (Ubuntu 11.3.0-1ubuntu1~22.04) 11.3.0, GNU ld (GNU Binutils for Ubuntu) 2.38) #8 SMP PREEMPT Mon May 8 11:46:41 KST 2023
[    0.000000] Command line: BOOT_IMAGE=/boot/vmlinuz-5.17.4 root=UUID=392ff5d5-bd2f-47c0-96b1-0955c95e8071 ro quiet splash vt.handoff=7
[    0.000000] KERNEL supported cpus:
[    0.000000]   Intel GenuineIntel
[    0.000000]   AMD AuthenticAMD
[    0.000000]   Hygon HygonGenuine
[    0.000000]   Centaur CentaurHauls
[    0.000000]   zhaoxin   Shanghai  
[    0.000000] x86/fpu: Supporting XSAVE feature 0x001: 'x87 floating point registers'
[    0.000000] x86/fpu: Supporting XSAVE feature 0x002: 'SSE registers'
[    0.000000] x86/fpu: Supporting XSAVE feature 0x004: 'AVX registers'
[    0.000000] x86/fpu: Supporting XSAVE feature 0x200: 'Protection Keys User registers'
[    0.000000] x86/fpu: xstate_offset[2]:  576, xstate_sizes[2]:  256
[    0.000000] x86/fpu: xstate_offset[9]:  832, xstate_sizes[9]:    8
[    0.000000] x86/fpu: Enabled xstate features 0x207, context size is 840 bytes, using 'compacted' format.
[    0.000000] signal: max sigframe size: 3632
[    0.000000] BIOS-provided physical RAM map:
[    0.000000] BIOS-e820: [mem 0x0000000000000000-0x000000000009dfff] usable
[    0.000000] BIOS-e820: [mem 0x000000000009e000-0x000000000009efff] reserved
[    0.000000] BIOS-e820: [mem 0x000000000009f000-0x000000000009ffff] usable
[    0.000000] BIOS-e820: [mem 0x00000000000a0000-0x00000000000fffff] reserved
[    0.000000] BIOS-e820: [mem 0x0000000000100000-0x0000000061562fff] usable
[    0.000000] BIOS-e820: [mem 0x0000000061563000-0x0000000064662fff] reserved
[    0.000000] BIOS-e820: [mem 0x0000000064663000-0x0000000065158fff] ACPI data
[    0.000000] BIOS-e820: [mem 0x0000000065159000-0x00000000652acfff] ACPI NVS
[    0.000000] BIOS-e820: [mem 0x00000000652ad000-0x0000000065ffefff] reserved
[    0.000000] BIOS-e820: [mem 0x0000000065fff000-0x0000000065ffffff] usable
[    0.000000] BIOS-e820: [mem 0x0000000066000000-0x0000000069ffffff] reserved
[    0.000000] BIOS-e820: [mem 0x000000006a400000-0x000000006a7fffff] reserved
[    0.000000] BIOS-e820: [mem 0x000000006b000000-0x00000000707fffff] reserved
[    0.000000] BIOS-e820: [mem 0x00000000c0000000-0x00000000cfffffff] reserved
[    0.000000] BIOS-e820: [mem 0x00000000fe000000-0x00000000fe010fff] reserved
[    0.000000] BIOS-e820: [mem 0x00000000fec00000-0x00000000fec00fff] reserved
[    0.000000] BIOS-e820: [mem 0x00000000fed00000-0x00000000fed00fff] reserved
[    0.000000] BIOS-e820: [mem 0x00000000fed20000-0x00000000fed7ffff] reserved
[    0.000000] BIOS-e820: [mem 0x00000000fee00000-0x00000000fee00fff] reserved
[    0.000000] BIOS-e820: [mem 0x00000000ff000000-0x00000000ffffffff] reserved
[    0.000000] BIOS-e820: [mem 0x0000000100000000-0x000000088f7fffff] usable
[    0.000000] NX (Execute Disable) protection: active
[    0.000000] e820: update [mem 0x5afae018-0x5afbd857] usable ==> usable
[    0.000000] e820: update [mem 0x5afae018-0x5afbd857] usable ==> usable
[    0.000000] e820: update [mem 0x5afa0018-0x5afad857] usable ==> usable
[    0.000000] e820: update [mem 0x5afa0018-0x5afad857] usable ==> usable
[    0.000000] extended physical RAM map:
[    0.000000] reserve setup_data: [mem 0x0000000000000000-0x000000000009dfff] usable
[    0.000000] reserve setup_data: [mem 0x000000000009e000-0x000000000009efff] reserved
[    0.000000] reserve setup_data: [mem 0x000000000009f000-0x000000000009ffff] usable
[    0.000000] reserve setup_data: [mem 0x00000000000a0000-0x00000000000fffff] reserved
[    0.000000] reserve setup_data: [mem 0x0000000000100000-0x000000005afa0017] usable
[    0.000000] reserve setup_data: [mem 0x000000005afa0018-0x000000005afad857] usable
[    0.000000] reserve setup_data: [mem 0x000000005afad858-0x000000005afae017] usable
[    0.000000] reserve setup_data: [mem 0x000000005afae018-0x000000005afbd857] usable
[    0.000000] reserve setup_data: [mem 0x000000005afbd858-0x0000000061562fff] usable
[    0.000000] reserve setup_data: [mem 0x0000000061563000-0x0000000064662fff] reserved
[    0.000000] reserve setup_data: [mem 0x0000000064663000-0x0000000065158fff] ACPI data
[    0.000000] reserve setup_data: [mem 0x0000000065159000-0x00000000652acfff] ACPI NVS
[    0.000000] reserve setup_data: [mem 0x00000000652ad000-0x0000000065ffefff] reserved
[    0.000000] reserve setup_data: [mem 0x0000000065fff000-0x0000000065ffffff] usable
[    0.000000] reserve setup_data: [mem 0x0000000066000000-0x0000000069ffffff] reserved
[    0.000000] reserve setup_data: [mem 0x000000006a400000-0x000000006a7fffff] reserved
[    0.000000] reserve setup_data: [mem 0x000000006b000000-0x00000000707fffff] reserved
[    0.000000] reserve setup_data: [mem 0x00000000c0000000-0x00000000cfffffff] reserved
[    0.000000] reserve setup_data: [mem 0x00000000fe000000-0x00000000fe010fff] reserved
[    0.000000] reserve setup_data: [mem 0x00000000fec00000-0x00000000fec00fff] reserved
[    0.000000] reserve setup_data: [mem 0x00000000fed00000-0x00000000fed00fff] reserved
[    0.000000] reserve setup_data: [mem 0x00000000fed20000-0x00000000fed7ffff] reserved
[    0.000000] reserve setup_data: [mem 0x00000000fee00000-0x00000000fee00fff] reserved
[    0.000000] reserve setup_data: [mem 0x00000000ff000000-0x00000000ffffffff] reserved
[    0.000000] reserve setup_data: [mem 0x0000000100000000-0x000000088f7fffff] usable
[    0.000000] efi: EFI v2.80 by American Megatrends
[    0.000000] efi: ACPI=0x651e9000 ACPI 2.0=0x651e9014 TPMFinalLog=0x651b8000 SMBIOS=0x65bd0000 SMBIOS 3.0=0x65bcf000 MEMATTR=0x5e5e5698 ESRT=0x5edd3e18 RNG=0x65c21a98 TPMEventLog=0x5afbe018 
[    0.000000] efi: seeding entropy pool
[    0.000000] random: fast init done
[    0.000000] SMBIOS 3.5.0 present.
[    0.000000] DMI: To Be Filled By O.E.M. Z790 Pro RS/Z790 Pro RS, BIOS 3.12 10/05/2022
[    0.000000] tsc: Detected 3400.000 MHz processor
[    0.000000] tsc: Detected 3417.600 MHz TSC
[    0.000898] e820: update [mem 0x00000000-0x00000fff] usable ==> reserved
[    0.000901] e820: remove [mem 0x000a0000-0x000fffff] usable
[    0.000906] last_pfn = 0x88f800 max_arch_pfn = 0x400000000
[    0.001101] x86/PAT: Configuration [0-7]: WB  WC  UC- UC  WB  WP  UC- WT  
[    0.002062] total RAM covered: 63168M
[    0.002145] Found optimal setting for mtrr clean up
[    0.002145]  gran_size: 64K 	chunk_size: 512M 	num_reg: 7  	lose cover RAM: 0G
[    0.002546] e820: update [mem 0x6c000000-0xffffffff] usable ==> reserved
[    0.002549] last_pfn = 0x66000 max_arch_pfn = 0x400000000
[    0.008110] esrt: Reserving ESRT space from 0x000000005edd3e18 to 0x000000005edd3ea0.
[    0.008115] e820: update [mem 0x5edd3000-0x5edd3fff] usable ==> reserved
[    0.008131] Using GB pages for direct mapping
[    0.008274] Secure boot disabled
[    0.008274] RAMDISK: [mem 0x57bcf000-0x584eefff]
[    0.008279] ACPI: Early table checksum verification disabled
[    0.008282] ACPI: RSDP 0x00000000651E9014 000024 (v02 ALASKA)
[    0.008286] ACPI: XSDT 0x00000000651E8728 0000F4 (v01 ALASKA A M I    01072009 AMI  01000013)
[    0.008291] ACPI: FACP 0x0000000065156000 000114 (v06 ALASKA A M I    01072009 AMI  01000013)
[    0.008295] ACPI: DSDT 0x00000000650D5000 080248 (v02 ALASKA A M I    00000001 INTL 20200717)
[    0.008298] ACPI: FACS 0x00000000652AC000 000040
[    0.008301] ACPI: FIDT 0x00000000650D4000 00009C (v01 ALASKA A M I    00000001 AMI  00010013)
[    0.008304] ACPI: SSDT 0x0000000065158000 00038C (v02 PmaxDv Pmax_Dev 00000001 INTL 20200717)
[    0.008306] ACPI: SSDT 0x00000000650CE000 005D34 (v02 CpuRef CpuSsdt  00003000 INTL 20200717)
[    0.008309] ACPI: AAFT 0x0000000065157000 0002DE (v01 ALASKA OEMAAFT  00000001 MSFT 00000097)
[    0.008312] ACPI: SSDT 0x00000000650CB000 002935 (v02 SaSsdt SaSsdt   00003000 INTL 20200717)
[    0.008314] ACPI: SSDT 0x00000000650C7000 003339 (v02 INTEL  IgfxSsdt 00003000 INTL 20200717)
[    0.008317] ACPI: HPET 0x00000000650C6000 000038 (v01 ALASKA A M I    01072009 AMI  01000013)
[    0.008319] ACPI: APIC 0x00000000650C5000 0001DC (v05 ALASKA A M I    01072009 AMI  01000013)
[    0.008322] ACPI: MCFG 0x00000000650C4000 00003C (v01 ALASKA A M I    01072009 AMI  01000013)
[    0.008324] ACPI: NHLT 0x00000000650C3000 00002D (v00 ALASKA A M I    01072009 AMI  01000013)
[    0.008327] ACPI: LPIT 0x00000000650C2000 0000CC (v01 ALASKA A M I    01072009 AMI  01000013)
[    0.008329] ACPI: SSDT 0x00000000650BE000 002357 (v02 ALASKA TbtTypeC 00000000 INTL 20200717)
[    0.008332] ACPI: DBGP 0x00000000650BD000 000034 (v01 ALASKA A M I    01072009 AMI  01000013)
[    0.008334] ACPI: DBG2 0x00000000650BC000 000054 (v00 ALASKA A M I    01072009 AMI  01000013)
[    0.008337] ACPI: SSDT 0x00000000650BA000 001919 (v02 ALASKA UsbCTabl 00001000 INTL 20200717)
[    0.008339] ACPI: DMAR 0x00000000650B9000 000088 (v02 INTEL  EDK2     00000002      01000013)
[    0.008342] ACPI: FPDT 0x00000000650B8000 000044 (v01 ALASKA A M I    01072009 AMI  01000013)
[    0.008344] ACPI: SSDT 0x00000000650B6000 0011B9 (v02 INTEL  xh_rps14 00000000 INTL 20200717)
[    0.008347] ACPI: SSDT 0x00000000650B2000 003AEA (v02 SocGpe SocGpe   00003000 INTL 20200717)
[    0.008350] ACPI: SSDT 0x00000000650AE000 0039DA (v02 SocCmn SocCmn   00003000 INTL 20200717)
[    0.008352] ACPI: SSDT 0x00000000650AD000 000144 (v02 Intel  ADebTabl 00001000 INTL 20200717)
[    0.008355] ACPI: TPM2 0x00000000650AC000 00004C (v04 ALASKA A M I    00000001 AMI  00000000)
[    0.008357] ACPI: WPBT 0x0000000064896000 000036 (v01 ALASKA A M I    00000001 MSFT 00010013)
[    0.008360] ACPI: PHAT 0x0000000064895000 0005D1 (v01 ALASKA A M I    00000005 MSFT 0100000D)
[    0.008362] ACPI: WSMT 0x00000000650C1000 000028 (v01 ALASKA A M I    00000001 AMI  00010013)
[    0.008364] ACPI: Reserving FACP table memory at [mem 0x65156000-0x65156113]
[    0.008366] ACPI: Reserving DSDT table memory at [mem 0x650d5000-0x65155247]
[    0.008367] ACPI: Reserving FACS table memory at [mem 0x652ac000-0x652ac03f]
[    0.008368] ACPI: Reserving FIDT table memory at [mem 0x650d4000-0x650d409b]
[    0.008368] ACPI: Reserving SSDT table memory at [mem 0x65158000-0x6515838b]
[    0.008369] ACPI: Reserving SSDT table memory at [mem 0x650ce000-0x650d3d33]
[    0.008370] ACPI: Reserving AAFT table memory at [mem 0x65157000-0x651572dd]
[    0.008371] ACPI: Reserving SSDT table memory at [mem 0x650cb000-0x650cd934]
[    0.008372] ACPI: Reserving SSDT table memory at [mem 0x650c7000-0x650ca338]
[    0.008372] ACPI: Reserving HPET table memory at [mem 0x650c6000-0x650c6037]
[    0.008373] ACPI: Reserving APIC table memory at [mem 0x650c5000-0x650c51db]
[    0.008374] ACPI: Reserving MCFG table memory at [mem 0x650c4000-0x650c403b]
[    0.008375] ACPI: Reserving NHLT table memory at [mem 0x650c3000-0x650c302c]
[    0.008376] ACPI: Reserving LPIT table memory at [mem 0x650c2000-0x650c20cb]
[    0.008376] ACPI: Reserving SSDT table memory at [mem 0x650be000-0x650c0356]
[    0.008377] ACPI: Reserving DBGP table memory at [mem 0x650bd000-0x650bd033]
[    0.008378] ACPI: Reserving DBG2 table memory at [mem 0x650bc000-0x650bc053]
[    0.008379] ACPI: Reserving SSDT table memory at [mem 0x650ba000-0x650bb918]
[    0.008380] ACPI: Reserving DMAR table memory at [mem 0x650b9000-0x650b9087]
[    0.008380] ACPI: Reserving FPDT table memory at [mem 0x650b8000-0x650b8043]
[    0.008381] ACPI: Reserving SSDT table memory at [mem 0x650b6000-0x650b71b8]
[    0.008382] ACPI: Reserving SSDT table memory at [mem 0x650b2000-0x650b5ae9]
[    0.008383] ACPI: Reserving SSDT table memory at [mem 0x650ae000-0x650b19d9]
[    0.008384] ACPI: Reserving SSDT table memory at [mem 0x650ad000-0x650ad143]
[    0.008384] ACPI: Reserving TPM2 table memory at [mem 0x650ac000-0x650ac04b]
[    0.008385] ACPI: Reserving WPBT table memory at [mem 0x64896000-0x64896035]
[    0.008386] ACPI: Reserving PHAT table memory at [mem 0x64895000-0x648955d0]
[    0.008387] ACPI: Reserving WSMT table memory at [mem 0x650c1000-0x650c1027]
[    0.008538] No NUMA configuration found
[    0.008539] Faking a node at [mem 0x0000000000000000-0x000000088f7fffff]
[    0.008545] NODE_DATA(0) allocated [mem 0x88f7d5000-0x88f7fffff]
[    0.008745] Zone ranges:
[    0.008746]   DMA      [mem 0x0000000000001000-0x0000000000ffffff]
[    0.008747]   DMA32    [mem 0x0000000001000000-0x00000000ffffffff]
[    0.008749]   Normal   [mem 0x0000000100000000-0x000000088f7fffff]
[    0.008750]   Device   empty
[    0.008750] Movable zone start for each node
[    0.008752] Early memory node ranges
[    0.008753]   node   0: [mem 0x0000000000001000-0x000000000009dfff]
[    0.008754]   node   0: [mem 0x000000000009f000-0x000000000009ffff]
[    0.008755]   node   0: [mem 0x0000000000100000-0x0000000061562fff]
[    0.008755]   node   0: [mem 0x0000000065fff000-0x0000000065ffffff]
[    0.008756]   node   0: [mem 0x0000000100000000-0x000000088f7fffff]
[    0.008758] Initmem setup node 0 [mem 0x0000000000001000-0x000000088f7fffff]
[    0.008761] On node 0, zone DMA: 1 pages in unavailable ranges
[    0.008762] On node 0, zone DMA: 1 pages in unavailable ranges
[    0.008778] On node 0, zone DMA: 96 pages in unavailable ranges
[    0.010502] On node 0, zone DMA32: 19100 pages in unavailable ranges
[    0.045241] On node 0, zone Normal: 8192 pages in unavailable ranges
[    0.045254] On node 0, zone Normal: 2048 pages in unavailable ranges
[    0.045286] Reserving Intel graphics memory at [mem 0x6c800000-0x707fffff]
[    0.045475] ACPI: PM-Timer IO Port: 0x1808
[    0.045481] ACPI: LAPIC_NMI (acpi_id[0x01] high edge lint[0x1])
[    0.045483] ACPI: LAPIC_NMI (acpi_id[0x02] high edge lint[0x1])
[    0.045483] ACPI: LAPIC_NMI (acpi_id[0x03] high edge lint[0x1])
[    0.045484] ACPI: LAPIC_NMI (acpi_id[0x04] high edge lint[0x1])
[    0.045484] ACPI: LAPIC_NMI (acpi_id[0x05] high edge lint[0x1])
[    0.045485] ACPI: LAPIC_NMI (acpi_id[0x06] high edge lint[0x1])
[    0.045485] ACPI: LAPIC_NMI (acpi_id[0x07] high edge lint[0x1])
[    0.045486] ACPI: LAPIC_NMI (acpi_id[0x08] high edge lint[0x1])
[    0.045486] ACPI: LAPIC_NMI (acpi_id[0x09] high edge lint[0x1])
[    0.045487] ACPI: LAPIC_NMI (acpi_id[0x0a] high edge lint[0x1])
[    0.045487] ACPI: LAPIC_NMI (acpi_id[0x0b] high edge lint[0x1])
[    0.045488] ACPI: LAPIC_NMI (acpi_id[0x0c] high edge lint[0x1])
[    0.045488] ACPI: LAPIC_NMI (acpi_id[0x0d] high edge lint[0x1])
[    0.045489] ACPI: LAPIC_NMI (acpi_id[0x0e] high edge lint[0x1])
[    0.045489] ACPI: LAPIC_NMI (acpi_id[0x0f] high edge lint[0x1])
[    0.045490] ACPI: LAPIC_NMI (acpi_id[0x10] high edge lint[0x1])
[    0.045490] ACPI: LAPIC_NMI (acpi_id[0x11] high edge lint[0x1])
[    0.045491] ACPI: LAPIC_NMI (acpi_id[0x12] high edge lint[0x1])
[    0.045491] ACPI: LAPIC_NMI (acpi_id[0x13] high edge lint[0x1])
[    0.045492] ACPI: LAPIC_NMI (acpi_id[0x14] high edge lint[0x1])
[    0.045492] ACPI: LAPIC_NMI (acpi_id[0x15] high edge lint[0x1])
[    0.045493] ACPI: LAPIC_NMI (acpi_id[0x16] high edge lint[0x1])
[    0.045493] ACPI: LAPIC_NMI (acpi_id[0x17] high edge lint[0x1])
[    0.045494] ACPI: LAPIC_NMI (acpi_id[0x00] high edge lint[0x1])
[    0.045510] IOAPIC[0]: apic_id 2, version 32, address 0xfec00000, GSI 0-119
[    0.045515] ACPI: INT_SRC_OVR (bus 0 bus_irq 0 global_irq 2 dfl dfl)
[    0.045516] ACPI: INT_SRC_OVR (bus 0 bus_irq 9 global_irq 9 high level)
[    0.045519] ACPI: Using ACPI (MADT) for SMP configuration information
[    0.045520] ACPI: HPET id: 0x8086a201 base: 0xfed00000
[    0.045523] TSC deadline timer available
[    0.045524] smpboot: Allowing 24 CPUs, 0 hotplug CPUs
[    0.045539] PM: hibernation: Registered nosave memory: [mem 0x00000000-0x00000fff]
[    0.045540] PM: hibernation: Registered nosave memory: [mem 0x0009e000-0x0009efff]
[    0.045541] PM: hibernation: Registered nosave memory: [mem 0x000a0000-0x000fffff]
[    0.045543] PM: hibernation: Registered nosave memory: [mem 0x5afa0000-0x5afa0fff]
[    0.045544] PM: hibernation: Registered nosave memory: [mem 0x5afad000-0x5afadfff]
[    0.045544] PM: hibernation: Registered nosave memory: [mem 0x5afae000-0x5afaefff]
[    0.045546] PM: hibernation: Registered nosave memory: [mem 0x5afbd000-0x5afbdfff]
[    0.045547] PM: hibernation: Registered nosave memory: [mem 0x5edd3000-0x5edd3fff]
[    0.045548] PM: hibernation: Registered nosave memory: [mem 0x61563000-0x64662fff]
[    0.045548] PM: hibernation: Registered nosave memory: [mem 0x64663000-0x65158fff]
[    0.045549] PM: hibernation: Registered nosave memory: [mem 0x65159000-0x652acfff]
[    0.045549] PM: hibernation: Registered nosave memory: [mem 0x652ad000-0x65ffefff]
[    0.045550] PM: hibernation: Registered nosave memory: [mem 0x66000000-0x69ffffff]
[    0.045551] PM: hibernation: Registered nosave memory: [mem 0x6a000000-0x6a3fffff]
[    0.045551] PM: hibernation: Registered nosave memory: [mem 0x6a400000-0x6a7fffff]
[    0.045552] PM: hibernation: Registered nosave memory: [mem 0x6a800000-0x6affffff]
[    0.045552] PM: hibernation: Registered nosave memory: [mem 0x6b000000-0x707fffff]
[    0.045553] PM: hibernation: Registered nosave memory: [mem 0x70800000-0xbfffffff]
[    0.045554] PM: hibernation: Registered nosave memory: [mem 0xc0000000-0xcfffffff]
[    0.045554] PM: hibernation: Registered nosave memory: [mem 0xd0000000-0xfdffffff]
[    0.045555] PM: hibernation: Registered nosave memory: [mem 0xfe000000-0xfe010fff]
[    0.045555] PM: hibernation: Registered nosave memory: [mem 0xfe011000-0xfebfffff]
[    0.045556] PM: hibernation: Registered nosave memory: [mem 0xfec00000-0xfec00fff]
[    0.045556] PM: hibernation: Registered nosave memory: [mem 0xfec01000-0xfecfffff]
[    0.045557] PM: hibernation: Registered nosave memory: [mem 0xfed00000-0xfed00fff]
[    0.045557] PM: hibernation: Registered nosave memory: [mem 0xfed01000-0xfed1ffff]
[    0.045557] PM: hibernation: Registered nosave memory: [mem 0xfed20000-0xfed7ffff]
[    0.045558] PM: hibernation: Registered nosave memory: [mem 0xfed80000-0xfedfffff]
[    0.045559] PM: hibernation: Registered nosave memory: [mem 0xfee00000-0xfee00fff]
[    0.045559] PM: hibernation: Registered nosave memory: [mem 0xfee01000-0xfeffffff]
[    0.045560] PM: hibernation: Registered nosave memory: [mem 0xff000000-0xffffffff]
[    0.045561] [mem 0x70800000-0xbfffffff] available for PCI devices
[    0.045562] Booting paravirtualized kernel on bare hardware
[    0.045564] clocksource: refined-jiffies: mask: 0xffffffff max_cycles: 0xffffffff, max_idle_ns: 7645519600211568 ns
[    0.045570] setup_percpu: NR_CPUS:8192 nr_cpumask_bits:24 nr_cpu_ids:24 nr_node_ids:1
[    0.046203] percpu: Embedded 61 pages/cpu s212992 r8192 d28672 u262144
[    0.046209] pcpu-alloc: s212992 r8192 d28672 u262144 alloc=1*2097152
[    0.046211] pcpu-alloc: [0] 00 01 02 03 04 05 06 07 [0] 08 09 10 11 12 13 14 15 
[    0.046218] pcpu-alloc: [0] 16 17 18 19 20 21 22 23 
[    0.046241] Fallback order for Node 0: 0 
[    0.046244] Built 1 zonelists, mobility grouping on.  Total pages: 8196142
[    0.046245] Policy zone: Normal
[    0.046246] Kernel command line: BOOT_IMAGE=/boot/vmlinuz-5.17.4 root=UUID=392ff5d5-bd2f-47c0-96b1-0955c95e8071 ro quiet splash vt.handoff=7
[    0.046287] Unknown kernel command line parameters "splash BOOT_IMAGE=/boot/vmlinuz-5.17.4", will be passed to user space.
[    0.048313] Dentry cache hash table entries: 4194304 (order: 13, 33554432 bytes, linear)
[    0.049343] Inode-cache hash table entries: 2097152 (order: 12, 16777216 bytes, linear)
[    0.049498] mem auto-init: stack:off, heap alloc:on, heap free:off
[    0.100492] Memory: 32484496K/33305608K available (16392K kernel code, 4401K rwdata, 5452K rodata, 2708K init, 5024K bss, 820852K reserved, 0K cma-reserved)
[    0.100496] random: get_random_u64 called from __kmem_cache_create+0x2f/0x550 with crng_init=1
[    0.100622] SLUB: HWalign=64, Order=0-3, MinObjects=0, CPUs=24, Nodes=1
[    0.100631] ftrace: allocating 46099 entries in 181 pages
[    0.105907] ftrace: allocated 181 pages with 5 groups
[    0.106420] Dynamic Preempt: voluntary
[    0.106456] rcu: Preemptible hierarchical RCU implementation.
[    0.106457] rcu: 	RCU restricting CPUs from NR_CPUS=8192 to nr_cpu_ids=24.
[    0.106458] 	Trampoline variant of Tasks RCU enabled.
[    0.106459] 	Rude variant of Tasks RCU enabled.
[    0.106459] 	Tracing variant of Tasks RCU enabled.
[    0.106460] rcu: RCU calculated value of scheduler-enlistment delay is 25 jiffies.
[    0.106460] rcu: Adjusting geometry for rcu_fanout_leaf=16, nr_cpu_ids=24
[    0.109208] NR_IRQS: 524544, nr_irqs: 2248, preallocated irqs: 16
[    0.109519] random: crng init done (trusting CPU's manufacturer)
[    0.109543] Console: colour dummy device 80x25
[    0.109554] printk: console [tty0] enabled
[    0.109572] ACPI: Core revision 20211217
[    0.109868] clocksource: hpet: mask: 0xffffffff max_cycles: 0xffffffff, max_idle_ns: 99544814920 ns
[    0.109907] APIC: Switch to symmetric I/O mode setup
[    0.109909] DMAR: Host address width 39
[    0.109910] DMAR: DRHD base: 0x000000fed90000 flags: 0x0
[    0.109913] DMAR: dmar0: reg_base_addr fed90000 ver 4:0 cap 1c0000c40660462 ecap 29a00f0505e
[    0.109914] DMAR: DRHD base: 0x000000fed91000 flags: 0x1
[    0.109916] DMAR: dmar1: reg_base_addr fed91000 ver 5:0 cap d2008c40660462 ecap f050da
[    0.109919] DMAR: RMRR base: 0x0000006c000000 end: 0x000000707fffff
[    0.109921] DMAR-IR: IOAPIC id 2 under DRHD base  0xfed91000 IOMMU 1
[    0.109922] DMAR-IR: HPET id 0 under DRHD base 0xfed91000
[    0.109923] DMAR-IR: Queued invalidation will be enabled to support x2apic and Intr-remapping.
[    0.110858] DMAR-IR: Enabled IRQ remapping in x2apic mode
[    0.110860] x2apic enabled
[    0.110868] Switched APIC routing to cluster x2apic.
[    0.113273] ..TIMER: vector=0x30 apic1=0 pin1=2 apic2=-1 pin2=-1
[    0.129894] clocksource: tsc-early: mask: 0xffffffffffffffff max_cycles: 0x3143404a908, max_idle_ns: 440795209397 ns
[    0.129899] Calibrating delay loop (skipped), value calculated using timer frequency.. 6835.20 BogoMIPS (lpj=13670400)
[    0.129901] pid_max: default: 32768 minimum: 301
[    0.133007] Mount-cache hash table entries: 65536 (order: 7, 524288 bytes, linear)
[    0.133043] Mountpoint-cache hash table entries: 65536 (order: 7, 524288 bytes, linear)
[    0.133249] x86/tme: not enabled by BIOS
[    0.133254] CPU0: Thermal monitoring enabled (TM1)
[    0.133256] x86/cpu: User Mode Instruction Prevention (UMIP) activated
[    0.133379] process: using mwait in idle threads
[    0.133381] Last level iTLB entries: 4KB 0, 2MB 0, 4MB 0
[    0.133382] Last level dTLB entries: 4KB 0, 2MB 0, 4MB 0, 1GB 0
[    0.133384] Spectre V1 : Mitigation: usercopy/swapgs barriers and __user pointer sanitization
[    0.133386] Spectre V2 : Mitigation: Enhanced IBRS
[    0.133387] Spectre V2 : Spectre v2 / SpectreRSB mitigation: Filling RSB on context switch
[    0.133388] Spectre V2 : mitigation: Enabling conditional Indirect Branch Prediction Barrier
[    0.133389] Speculative Store Bypass: Mitigation: Speculative Store Bypass disabled via prctl
[    0.136256] Freeing SMP alternatives memory: 40K
[    0.136478] smpboot: Estimated ratio of average max frequency by base frequency (times 1024): 1596
[    0.136490] smpboot: CPU0: 13th Gen Intel(R) Core(TM) i7-13700K (family: 0x6, model: 0xb7, stepping: 0x1)
[    0.136578] cblist_init_generic: Setting adjustable number of callback queues.
[    0.136580] cblist_init_generic: Setting shift to 5 and lim to 1.
[    0.136591] cblist_init_generic: Setting shift to 5 and lim to 1.
[    0.136600] cblist_init_generic: Setting shift to 5 and lim to 1.
[    0.136607] Performance Events: XSAVE Architectural LBR, PEBS fmt4+-baseline,  AnyThread deprecated, generic architected perfmon, 32-deep LBR, full-width counters, Intel PMU driver.
[    0.136628] ... version:                5
[    0.136629] ... bit width:              48
[    0.136629] ... generic registers:      6
[    0.136629] ... value mask:             0000ffffffffffff
[    0.136630] ... max period:             00007fffffffffff
[    0.136630] ... fixed-purpose events:   3
[    0.136631] ... event mask:             000000070000003f
[    0.136687] rcu: Hierarchical SRCU implementation.
[    0.137738] NMI watchdog: Enabled. Permanently consumes one hw-PMU counter.
[    0.137877] smp: Bringing up secondary CPUs ...
[    0.137896] x86: Booting SMP configuration:
[    0.137896] .... node  #0, CPUs:        #1  #2  #3  #4  #5  #6  #7  #8  #9 #10 #11 #12 #13 #14 #15 #16 #17 #18 #19 #20 #21 #22 #23
[    0.244086] smp: Brought up 1 node, 24 CPUs
[    0.244086] smpboot: Max logical packages: 1
[    0.244086] smpboot: Total of 24 processors activated (164044.80 BogoMIPS)
[    0.246682] devtmpfs: initialized
[    0.246682] x86/mm: Memory block size: 128MB
[    0.247010] ACPI: PM: Registering ACPI NVS region [mem 0x65159000-0x652acfff] (1392640 bytes)
[    0.247010] clocksource: jiffies: mask: 0xffffffff max_cycles: 0xffffffff, max_idle_ns: 7645041785100000 ns
[    0.247010] futex hash table entries: 8192 (order: 7, 524288 bytes, linear)
[    0.247010] pinctrl core: initialized pinctrl subsystem
[    0.247010] PM: RTC time: 05:07:28, date: 2023-06-29
[    0.247010] NET: Registered PF_NETLINK/PF_ROUTE protocol family
[    0.247010] DMA: preallocated 4096 KiB GFP_KERNEL pool for atomic allocations
[    0.247010] DMA: preallocated 4096 KiB GFP_KERNEL|GFP_DMA pool for atomic allocations
[    0.247110] DMA: preallocated 4096 KiB GFP_KERNEL|GFP_DMA32 pool for atomic allocations
[    0.247118] audit: initializing netlink subsys (disabled)
[    0.247122] audit: type=2000 audit(1688015248.140:1): state=initialized audit_enabled=0 res=1
[    0.247122] thermal_sys: Registered thermal governor 'fair_share'
[    0.247122] thermal_sys: Registered thermal governor 'bang_bang'
[    0.247122] thermal_sys: Registered thermal governor 'step_wise'
[    0.247122] thermal_sys: Registered thermal governor 'user_space'
[    0.247122] thermal_sys: Registered thermal governor 'power_allocator'
[    0.247122] EISA bus registered
[    0.247122] cpuidle: using governor ladder
[    0.247122] cpuidle: using governor menu
[    0.247122] ACPI FADT declares the system doesn't support PCIe ASPM, so disable it
[    0.247122] acpiphp: ACPI Hot Plug PCI Controller Driver version: 0.5
[    0.247122] PCI: MMCONFIG for domain 0000 [bus 00-ff] at [mem 0xc0000000-0xcfffffff] (base 0xc0000000)
[    0.247122] PCI: MMCONFIG at [mem 0xc0000000-0xcfffffff] reserved in E820
[    0.247122] PCI: Using configuration type 1 for base access
[    0.249924] ENERGY_PERF_BIAS: Set to 'normal', was 'performance'
[    0.250632] kprobes: kprobe jump-optimization is enabled. All kprobes are optimized if possible.
[    0.250635] HugeTLB registered 1.00 GiB page size, pre-allocated 0 pages
[    0.250635] HugeTLB registered 2.00 MiB page size, pre-allocated 0 pages
[    0.250635] ACPI: Added _OSI(Module Device)
[    0.250635] ACPI: Added _OSI(Processor Device)
[    0.250635] ACPI: Added _OSI(3.0 _SCP Extensions)
[    0.250635] ACPI: Added _OSI(Processor Aggregator Device)
[    0.250635] ACPI: Added _OSI(Linux-Dell-Video)
[    0.250635] ACPI: Added _OSI(Linux-Lenovo-NV-HDMI-Audio)
[    0.250635] ACPI: Added _OSI(Linux-HPI-Hybrid-Graphics)
[    0.335144] ACPI: 11 ACPI AML tables successfully acquired and loaded
[    0.346030] ACPI: Dynamic OEM Table Load:
[    0.346037] ACPI: SSDT 0xFFFF8FF7C02AB200 0001AB (v02 PmRef  Cpu0Psd  00003000 INTL 20200717)
[    0.347073] ACPI: \_SB_.PR00: _OSC native thermal LVT Acked
[    0.351393] ACPI: Dynamic OEM Table Load:
[    0.351398] ACPI: SSDT 0xFFFF8FF7C20BCC00 000394 (v02 PmRef  Cpu0Cst  00003001 INTL 20200717)
[    0.352648] ACPI: Dynamic OEM Table Load:
[    0.352652] ACPI: SSDT 0xFFFF8FF7C20C4800 000689 (v02 PmRef  Cpu0Ist  00003000 INTL 20200717)
[    0.354041] ACPI: Dynamic OEM Table Load:
[    0.354044] ACPI: SSDT 0xFFFF8FF7C20C2800 0004BA (v02 PmRef  Cpu0Hwp  00003000 INTL 20200717)
[    0.355655] ACPI: Dynamic OEM Table Load:
[    0.355660] ACPI: SSDT 0xFFFF8FF7C0C42000 001BAF (v02 PmRef  ApIst    00003000 INTL 20200717)
[    0.357616] ACPI: Dynamic OEM Table Load:
[    0.357620] ACPI: SSDT 0xFFFF8FF7C20D0000 001038 (v02 PmRef  ApHwp    00003000 INTL 20200717)
[    0.359358] ACPI: Dynamic OEM Table Load:
[    0.359363] ACPI: SSDT 0xFFFF8FF7C20D6000 001349 (v02 PmRef  ApPsd    00003000 INTL 20200717)
[    0.361124] ACPI: Dynamic OEM Table Load:
[    0.361128] ACPI: SSDT 0xFFFF8FF7C0129000 000FBB (v02 PmRef  ApCst    00003000 INTL 20200717)
[    0.372910] ACPI: Interpreter enabled
[    0.372960] ACPI: PM: (supports S0 S3 S4 S5)
[    0.372961] ACPI: Using IOAPIC for interrupt routing
[    0.373118] PCI: Using host bridge windows from ACPI; if necessary, use "pci=nocrs" and report a bug
[    0.374483] ACPI: Enabled 7 GPEs in block 00 to 7F
[    0.402262] ACPI: PM: Power Resource [WRST]
[    0.409290] ACPI: PM: Power Resource [PIN]
[    0.409579] ACPI: PCI Root Bridge [PC00] (domain 0000 [bus 00-fe])
[    0.409583] acpi PNP0A08:00: _OSC: OS supports [ExtendedConfig ASPM ClockPM Segments MSI EDR HPX-Type3]
[    0.409728] acpi PNP0A08:00: _OSC: platform does not support [PCIeHotplug SHPCHotplug PME]
[    0.410005] acpi PNP0A08:00: _OSC: OS now controls [AER PCIeCapability LTR DPC]
[    0.410006] acpi PNP0A08:00: FADT indicates ASPM is unsupported, using BIOS configuration
[    0.410801] PCI host bridge to bus 0000:00
[    0.410802] pci_bus 0000:00: root bus resource [io  0x0000-0x0cf7 window]
[    0.410804] pci_bus 0000:00: root bus resource [io  0x0d00-0xffff window]
[    0.410804] pci_bus 0000:00: root bus resource [mem 0x000a0000-0x000bffff window]
[    0.410805] pci_bus 0000:00: root bus resource [mem 0x000e0000-0x000effff window]
[    0.410806] pci_bus 0000:00: root bus resource [mem 0x70800000-0xbfffffff window]
[    0.410807] pci_bus 0000:00: root bus resource [mem 0x4000000000-0x7fffffffff window]
[    0.410808] pci_bus 0000:00: root bus resource [bus 00-fe]
[    0.410824] pci 0000:00:00.0: [8086:a703] type 00 class 0x060000
[    0.410914] pci 0000:00:01.0: [8086:a70d] type 01 class 0x060400
[    0.410963] pci 0000:00:01.0: PME# supported from D0 D3hot D3cold
[    0.410979] pci 0000:00:01.0: PTM enabled (root), 4ns granularity
[    0.411526] pci 0000:00:02.0: [8086:a780] type 00 class 0x030000
[    0.411533] pci 0000:00:02.0: reg 0x10: [mem 0x6001000000-0x6001ffffff 64bit]
[    0.411538] pci 0000:00:02.0: reg 0x18: [mem 0x4000000000-0x400fffffff 64bit pref]
[    0.411541] pci 0000:00:02.0: reg 0x20: [io  0x4000-0x403f]
[    0.411555] pci 0000:00:02.0: Video device with shadowed ROM at [mem 0x000c0000-0x000dffff]
[    0.411576] pci 0000:00:02.0: reg 0x344: [mem 0x00000000-0x00ffffff 64bit]
[    0.411577] pci 0000:00:02.0: VF(n) BAR0 space: [mem 0x00000000-0x06ffffff 64bit] (contains BAR0 for 7 VFs)
[    0.411581] pci 0000:00:02.0: reg 0x34c: [mem 0x00000000-0x1fffffff 64bit pref]
[    0.411582] pci 0000:00:02.0: VF(n) BAR2 space: [mem 0x00000000-0xdfffffff 64bit pref] (contains BAR2 for 7 VFs)
[    0.411714] pci 0000:00:14.0: [8086:7a60] type 00 class 0x0c0330
[    0.411733] pci 0000:00:14.0: reg 0x10: [mem 0x6002100000-0x600210ffff 64bit]
[    0.411809] pci 0000:00:14.0: PME# supported from D3hot D3cold
[    0.413730] pci 0000:00:14.2: [8086:7a27] type 00 class 0x050000
[    0.413750] pci 0000:00:14.2: reg 0x10: [mem 0x6002114000-0x6002117fff 64bit]
[    0.413763] pci 0000:00:14.2: reg 0x18: [mem 0x600211b000-0x600211bfff 64bit]
[    0.413962] pci 0000:00:15.0: [8086:7a4c] type 00 class 0x0c8000
[    0.413990] pci 0000:00:15.0: reg 0x10: [mem 0x00000000-0x00000fff 64bit]
[    0.414338] pci 0000:00:16.0: [8086:7a68] type 00 class 0x078000
[    0.414359] pci 0000:00:16.0: reg 0x10: [mem 0x6002119000-0x6002119fff 64bit]
[    0.414439] pci 0000:00:16.0: PME# supported from D3hot
[    0.414908] pci 0000:00:17.0: [8086:7a62] type 00 class 0x010601
[    0.414922] pci 0000:00:17.0: reg 0x10: [mem 0x70b00000-0x70b01fff]
[    0.414930] pci 0000:00:17.0: reg 0x14: [mem 0x70b03000-0x70b030ff]
[    0.414938] pci 0000:00:17.0: reg 0x18: [io  0x4090-0x4097]
[    0.414946] pci 0000:00:17.0: reg 0x1c: [io  0x4080-0x4083]
[    0.414954] pci 0000:00:17.0: reg 0x20: [io  0x4060-0x407f]
[    0.414962] pci 0000:00:17.0: reg 0x24: [mem 0x70b02000-0x70b027ff]
[    0.415004] pci 0000:00:17.0: PME# supported from D3hot
[    0.415283] pci 0000:00:1b.0: [8086:7a44] type 01 class 0x060400
[    0.415391] pci 0000:00:1b.0: PME# supported from D0 D3hot D3cold
[    0.415432] pci 0000:00:1b.0: PTM enabled (root), 4ns granularity
[    0.415997] pci 0000:00:1c.0: [8086:7a3a] type 01 class 0x060400
[    0.416098] pci 0000:00:1c.0: PME# supported from D0 D3hot D3cold
[    0.416132] pci 0000:00:1c.0: PTM enabled (root), 4ns granularity
[    0.416686] pci 0000:00:1f.0: [8086:7a04] type 00 class 0x060100
[    0.416993] pci 0000:00:1f.3: [8086:7a50] type 00 class 0x040300
[    0.417035] pci 0000:00:1f.3: reg 0x10: [mem 0x6002110000-0x6002113fff 64bit]
[    0.417089] pci 0000:00:1f.3: reg 0x20: [mem 0x6002000000-0x60020fffff 64bit]
[    0.417193] pci 0000:00:1f.3: PME# supported from D3hot D3cold
[    0.417269] pci 0000:00:1f.4: [8086:7a23] type 00 class 0x0c0500
[    0.417294] pci 0000:00:1f.4: reg 0x10: [mem 0x6002118000-0x60021180ff 64bit]
[    0.417323] pci 0000:00:1f.4: reg 0x20: [io  0xefa0-0xefbf]
[    0.417549] pci 0000:00:1f.5: [8086:7a24] type 00 class 0x0c8000
[    0.417567] pci 0000:00:1f.5: reg 0x10: [mem 0xfe010000-0xfe010fff]
[    0.417760] pci 0000:01:00.0: [144d:a825] type 00 class 0x010802
[    0.417777] pci 0000:01:00.0: reg 0x10: [mem 0x70a10000-0x70a17fff 64bit]
[    0.417810] pci 0000:01:00.0: reg 0x30: [mem 0x70a00000-0x70a0ffff pref]
[    0.418072] pci 0000:00:01.0: PCI bridge to [bus 01]
[    0.418075] pci 0000:00:01.0:   bridge window [mem 0x70a00000-0x70afffff]
[    0.418142] pci 0000:02:00.0: [1b96:2610] type 00 class 0x010802
[    0.418164] pci 0000:02:00.0: reg 0x10: [mem 0x70920000-0x70927fff 64bit]
[    0.418195] pci 0000:02:00.0: reg 0x20: [mem 0x6000000000-0x6000000fff 64bit pref]
[    0.418205] pci 0000:02:00.0: reg 0x30: [mem 0x70900000-0x7091ffff pref]
[    0.418213] pci 0000:02:00.0: enabling Extended Tags
[    0.418365] pci 0000:00:1b.0: PCI bridge to [bus 02]
[    0.418369] pci 0000:00:1b.0:   bridge window [mem 0x70900000-0x709fffff]
[    0.418374] pci 0000:00:1b.0:   bridge window [mem 0x6000000000-0x60000fffff 64bit pref]
[    0.418440] pci 0000:03:00.0: [10ec:8125] type 00 class 0x020000
[    0.418459] pci 0000:03:00.0: reg 0x10: [io  0x3000-0x30ff]
[    0.418484] pci 0000:03:00.0: reg 0x18: [mem 0x70800000-0x7080ffff 64bit]
[    0.418500] pci 0000:03:00.0: reg 0x20: [mem 0x70810000-0x70813fff 64bit]
[    0.418631] pci 0000:03:00.0: supports D1 D2
[    0.418631] pci 0000:03:00.0: PME# supported from D0 D1 D2 D3hot D3cold
[    0.418788] pci 0000:00:1c.0: PCI bridge to [bus 03]
[    0.418791] pci 0000:00:1c.0:   bridge window [io  0x3000-0x3fff]
[    0.418793] pci 0000:00:1c.0:   bridge window [mem 0x70800000-0x708fffff]
[    0.421657] ACPI: PCI: Interrupt link LNKA configured for IRQ 0
[    0.421756] ACPI: PCI: Interrupt link LNKB configured for IRQ 1
[    0.421853] ACPI: PCI: Interrupt link LNKC configured for IRQ 0
[    0.421950] ACPI: PCI: Interrupt link LNKD configured for IRQ 0
[    0.422047] ACPI: PCI: Interrupt link LNKE configured for IRQ 0
[    0.422144] ACPI: PCI: Interrupt link LNKF configured for IRQ 0
[    0.422240] ACPI: PCI: Interrupt link LNKG configured for IRQ 0
[    0.422337] ACPI: PCI: Interrupt link LNKH configured for IRQ 0
[    0.433978] iommu: Default domain type: Translated 
[    0.433978] iommu: DMA domain TLB invalidation policy: lazy mode 
[    0.433978] pci 0000:00:02.0: vgaarb: setting as boot VGA device
[    0.433978] pci 0000:00:02.0: vgaarb: VGA device added: decodes=io+mem,owns=io+mem,locks=none
[    0.433978] pci 0000:00:02.0: vgaarb: bridge control possible
[    0.433978] vgaarb: loaded
[    0.433994] SCSI subsystem initialized
[    0.433999] libata version 3.00 loaded.
[    0.433999] ACPI: bus type USB registered
[    0.433999] usbcore: registered new interface driver usbfs
[    0.433999] usbcore: registered new interface driver hub
[    0.433999] usbcore: registered new device driver usb
[    0.433999] pps_core: LinuxPPS API ver. 1 registered
[    0.433999] pps_core: Software ver. 5.3.6 - Copyright 2005-2007 Rodolfo Giometti <giometti@linux.it>
[    0.433999] PTP clock support registered
[    0.433999] EDAC MC: Ver: 3.0.0
[    0.434018] Registered efivars operations
[    0.434018] PCI: Using ACPI for IRQ routing
[    0.444312] PCI: pci_cache_line_size set to 64 bytes
[    0.444390] pci 0000:00:1f.5: can't claim BAR 0 [mem 0xfe010000-0xfe010fff]: no compatible bridge window
[    0.444463] e820: reserve RAM buffer [mem 0x0009e000-0x0009ffff]
[    0.444464] e820: reserve RAM buffer [mem 0x5afa0018-0x5bffffff]
[    0.444465] e820: reserve RAM buffer [mem 0x5afae018-0x5bffffff]
[    0.444466] e820: reserve RAM buffer [mem 0x5edd3000-0x5fffffff]
[    0.444467] e820: reserve RAM buffer [mem 0x61563000-0x63ffffff]
[    0.444467] e820: reserve RAM buffer [mem 0x66000000-0x67ffffff]
[    0.444468] e820: reserve RAM buffer [mem 0x88f800000-0x88fffffff]
[    0.444471] hpet0: at MMIO 0xfed00000, IRQs 2, 8, 0, 0, 0, 0, 0, 0
[    0.444471] hpet0: 8 comparators, 64-bit 19.200000 MHz counter
[    0.445927] clocksource: Switched to clocksource tsc-early
[    0.451731] VFS: Disk quotas dquot_6.6.0
[    0.451742] VFS: Dquot-cache hash table entries: 512 (order 0, 4096 bytes)
[    0.451789] pnp: PnP ACPI init
[    0.452037] system 00:00: [io  0x0280-0x028f] has been reserved
[    0.452039] system 00:00: [io  0x0290-0x029f] has been reserved
[    0.452040] system 00:00: [io  0x02a0-0x02bf] has been reserved
[    0.452041] system 00:00: [io  0x02c0-0x02df] has been reserved
[    0.452210] system 00:01: [io  0x0680-0x069f] has been reserved
[    0.452211] system 00:01: [io  0x164e-0x164f] has been reserved
[    0.452312] system 00:02: [io  0x1854-0x1857] has been reserved
[    0.454796] pnp 00:03: disabling [mem 0xc0000000-0xcfffffff] because it overlaps 0000:00:02.0 BAR 9 [mem 0x00000000-0xdfffffff 64bit pref]
[    0.454810] system 00:03: [mem 0xfedc0000-0xfedc7fff] has been reserved
[    0.454811] system 00:03: [mem 0xfeda0000-0xfeda0fff] has been reserved
[    0.454812] system 00:03: [mem 0xfeda1000-0xfeda1fff] has been reserved
[    0.454813] system 00:03: [mem 0xfed20000-0xfed7ffff] could not be reserved
[    0.454814] system 00:03: [mem 0xfed90000-0xfed93fff] could not be reserved
[    0.454815] system 00:03: [mem 0xfed45000-0xfed8ffff] could not be reserved
[    0.454816] system 00:03: [mem 0xfee00000-0xfeefffff] could not be reserved
[    0.455565] system 00:04: [io  0x2000-0x20fe] has been reserved
[    0.456343] pnp: PnP ACPI: found 6 devices
[    0.461505] clocksource: acpi_pm: mask: 0xffffff max_cycles: 0xffffff, max_idle_ns: 2085701024 ns
[    0.461547] NET: Registered PF_INET protocol family
[    0.461718] IP idents hash table entries: 262144 (order: 9, 2097152 bytes, linear)
[    0.462826] tcp_listen_portaddr_hash hash table entries: 16384 (order: 6, 262144 bytes, linear)
[    0.462987] TCP established hash table entries: 262144 (order: 9, 2097152 bytes, linear)
[    0.463219] TCP bind hash table entries: 65536 (order: 8, 1048576 bytes, linear)
[    0.463262] TCP: Hash tables configured (established 262144 bind 65536)
[    0.463376] MPTCP token hash table entries: 32768 (order: 7, 786432 bytes, linear)
[    0.463454] UDP hash table entries: 16384 (order: 7, 524288 bytes, linear)
[    0.463513] UDP-Lite hash table entries: 16384 (order: 7, 524288 bytes, linear)
[    0.463568] NET: Registered PF_UNIX/PF_LOCAL protocol family
[    0.463571] NET: Registered PF_XDP protocol family
[    0.463574] pci_bus 0000:00: max bus depth: 1 pci_try_num: 2
[    0.463581] pci 0000:00:02.0: BAR 9: assigned [mem 0x4020000000-0x40ffffffff 64bit pref]
[    0.463584] pci 0000:00:02.0: BAR 7: assigned [mem 0x4010000000-0x4016ffffff 64bit]
[    0.463586] pci 0000:00:15.0: BAR 0: assigned [mem 0x4017000000-0x4017000fff 64bit]
[    0.463650] pci 0000:00:1f.5: BAR 0: assigned [mem 0x70b04000-0x70b04fff]
[    0.463660] pci 0000:00:01.0: PCI bridge to [bus 01]
[    0.463662] pci 0000:00:01.0:   bridge window [mem 0x70a00000-0x70afffff]
[    0.463667] pci 0000:00:1b.0: PCI bridge to [bus 02]
[    0.463670] pci 0000:00:1b.0:   bridge window [mem 0x70900000-0x709fffff]
[    0.463673] pci 0000:00:1b.0:   bridge window [mem 0x6000000000-0x60000fffff 64bit pref]
[    0.463678] pci 0000:00:1c.0: PCI bridge to [bus 03]
[    0.463679] pci 0000:00:1c.0:   bridge window [io  0x3000-0x3fff]
[    0.463683] pci 0000:00:1c.0:   bridge window [mem 0x70800000-0x708fffff]
[    0.463690] pci_bus 0000:00: resource 4 [io  0x0000-0x0cf7 window]
[    0.463691] pci_bus 0000:00: resource 5 [io  0x0d00-0xffff window]
[    0.463692] pci_bus 0000:00: resource 6 [mem 0x000a0000-0x000bffff window]
[    0.463693] pci_bus 0000:00: resource 7 [mem 0x000e0000-0x000effff window]
[    0.463693] pci_bus 0000:00: resource 8 [mem 0x70800000-0xbfffffff window]
[    0.463694] pci_bus 0000:00: resource 9 [mem 0x4000000000-0x7fffffffff window]
[    0.463695] pci_bus 0000:01: resource 1 [mem 0x70a00000-0x70afffff]
[    0.463696] pci_bus 0000:02: resource 1 [mem 0x70900000-0x709fffff]
[    0.463697] pci_bus 0000:02: resource 2 [mem 0x6000000000-0x60000fffff 64bit pref]
[    0.463697] pci_bus 0000:03: resource 0 [io  0x3000-0x3fff]
[    0.463698] pci_bus 0000:03: resource 1 [mem 0x70800000-0x708fffff]
[    0.464146] PCI: CLS 64 bytes, default 64
[    0.464166] PCI-DMA: Using software bounce buffering for IO (SWIOTLB)
[    0.464167] software IO TLB: mapped [mem 0x000000005337b000-0x000000005737b000] (64MB)
[    0.464185] Trying to unpack rootfs image as initramfs...
[    0.464204] clocksource: tsc: mask: 0xffffffffffffffff max_cycles: 0x3143404a908, max_idle_ns: 440795209397 ns
[    0.464231] clocksource: Switched to clocksource tsc
[    0.464249] platform rtc_cmos: registered platform RTC device (no PNP device found)
[    0.470281] Initialise system trusted keyrings
[    0.470287] Key type blacklist registered
[    0.470305] workingset: timestamp_bits=36 max_order=23 bucket_order=0
[    0.470917] zbud: loaded
[    0.471087] squashfs: version 4.0 (2009/01/31) Phillip Lougher
[    0.471151] fuse: init (API version 7.36)
[    0.477687] Key type asymmetric registered
[    0.477688] Asymmetric key parser 'x509' registered
[    0.492832] Freeing initrd memory: 9344K
[    0.494491] alg: self-tests for CTR-KDF (hmac(sha256)) passed
[    0.494507] Block layer SCSI generic (bsg) driver version 0.4 loaded (major 243)
[    0.494528] io scheduler mq-deadline registered
[    0.495301] shpchp: Standard Hot Plug PCI Controller Driver version: 0.4
[    0.495519] Monitor-Mwait will be used to enter C-1 state
[    0.495524] Monitor-Mwait will be used to enter C-2 state
[    0.495529] Monitor-Mwait will be used to enter C-3 state
[    0.495531] ACPI: \_SB_.PR00: Found 3 idle states
[    0.496158] input: Sleep Button as /devices/LNXSYSTM:00/LNXSYBUS:00/PNP0C0E:00/input/input0
[    0.496175] ACPI: button: Sleep Button [SLPB]
[    0.496195] input: Power Button as /devices/LNXSYSTM:00/LNXSYBUS:00/PNP0C0C:00/input/input1
[    0.496204] ACPI: button: Power Button [PWRB]
[    0.496219] input: Power Button as /devices/LNXSYSTM:00/LNXPWRBN:00/input/input2
[    0.496241] ACPI: button: Power Button [PWRF]
[    0.496470] smpboot: Estimated ratio of average max frequency by base frequency (times 1024): 1596
[    0.500713] Serial: 8250/16550 driver, 32 ports, IRQ sharing enabled
[    0.523044] serial8250: ttyS0 at I/O 0x3f8 (irq = 4, base_baud = 115200) is a 16550A
[    0.524009] Linux agpgart interface v0.103
[    0.533150] loop: module loaded
[    0.533286] tun: Universal TUN/TAP device driver, 1.6
[    0.533299] PPP generic driver version 2.4.2
[    0.533322] VFIO - User Level meta-driver version: 0.3
[    0.533392] ehci_hcd: USB 2.0 'Enhanced' Host Controller (EHCI) Driver
[    0.533393] ehci-pci: EHCI PCI platform driver
[    0.533398] ehci-platform: EHCI generic platform driver
[    0.533403] ohci_hcd: USB 1.1 'Open' Host Controller (OHCI) Driver
[    0.533405] ohci-pci: OHCI PCI platform driver
[    0.533408] ohci-platform: OHCI generic platform driver
[    0.533412] uhci_hcd: USB Universal Host Controller Interface driver
[    0.533433] i8042: PNP: No PS/2 controller found.
[    0.533453] mousedev: PS/2 mouse device common for all mice
[    0.533524] rtc_cmos rtc_cmos: RTC can wake from S4
[    0.533993] rtc_cmos rtc_cmos: registered as rtc0
[    0.534088] rtc_cmos rtc_cmos: setting system clock to 2023-06-29T05:07:28 UTC (1688015248)
[    0.534096] rtc_cmos rtc_cmos: alarms up to one month, y3k, 114 bytes nvram, hpet irqs
[    0.534099] i2c_dev: i2c /dev entries driver
[    0.534837] device-mapper: uevent: version 1.0.3
[    0.534857] device-mapper: ioctl: 4.45.0-ioctl (2021-03-22) initialised: dm-devel@redhat.com
[    0.534865] platform eisa.0: Probing EISA bus 0
[    0.534867] platform eisa.0: EISA: Cannot allocate resource for mainboard
[    0.534867] platform eisa.0: Cannot allocate resource for EISA slot 1
[    0.534868] platform eisa.0: Cannot allocate resource for EISA slot 2
[    0.534869] platform eisa.0: Cannot allocate resource for EISA slot 3
[    0.534869] platform eisa.0: Cannot allocate resource for EISA slot 4
[    0.534870] platform eisa.0: Cannot allocate resource for EISA slot 5
[    0.534870] platform eisa.0: Cannot allocate resource for EISA slot 6
[    0.534871] platform eisa.0: Cannot allocate resource for EISA slot 7
[    0.534871] platform eisa.0: Cannot allocate resource for EISA slot 8
[    0.534872] platform eisa.0: EISA: Detected 0 cards
[    0.534876] intel_pstate: Intel P-state driver initializing
[    0.536482] intel_pstate: HWP enabled
[    0.536904] ledtrig-cpu: registered to indicate activity on CPUs
[    0.536920] EFI Variables Facility v0.08 2004-May-17
[    0.538861] drop_monitor: Initializing network drop monitor service
[    0.538922] NET: Registered PF_INET6 protocol family
[    0.540160] Segment Routing with IPv6
[    0.540165] In-situ OAM (IOAM) with IPv6
[    0.540175] NET: Registered PF_PACKET protocol family
[    0.540188] Key type dns_resolver registered
[    0.542041] microcode: sig=0xb0671, pf=0x2, revision=0x112
[    0.542501] microcode: Microcode Update Driver: v2.2.
[    0.542504] IPI shorthand broadcast: enabled
[    0.542510] sched_clock: Marking stable (546070291, -3570340)->(553489620, -10989669)
[    0.542951] registered taskstats version 1
[    0.543450] Loading compiled-in X.509 certificates
[    0.544038] zswap: loaded using pool lzo/zbud
[    0.544384] Key type ._fscrypt registered
[    0.544385] Key type .fscrypt registered
[    0.544386] Key type fscrypt-provisioning registered
[    0.544642] Key type trusted registered
[    0.547189] Key type encrypted registered
[    0.549229] PM:   Magic number: 11:771:113
[    0.549519] RAS: Correctable Errors collector initialized.
[    0.564152] Freeing unused decrypted memory: 2036K
[    0.565050] Freeing unused kernel image (initmem) memory: 2708K
[    0.577970] Write protecting the kernel read-only data: 24576k
[    0.579222] Freeing unused kernel image (text/rodata gap) memory: 2036K
[    0.579643] Freeing unused kernel image (rodata/data gap) memory: 692K
[    0.594477] x86/mm: Checked W+X mappings: passed, no W+X pages found.
[    0.594538] Run /init as init process
[    0.594545]   with arguments:
[    0.594548]     /init
[    0.594549]     splash
[    0.594550]   with environment:
[    0.594552]     HOME=/
[    0.594553]     TERM=linux
[    0.594554]     BOOT_IMAGE=/boot/vmlinuz-5.17.4
[    0.667502] ahci 0000:00:17.0: version 3.0
[    0.667835] ahci 0000:00:17.0: AHCI 0001.0301 32 slots 8 ports 6 Gbps 0xff impl SATA mode
[    0.667837] ahci 0000:00:17.0: flags: 64bit ncq sntf led clo only pio slum part ems deso sadm sds 
[    0.668415] mei_me 0000:00:14.0: H_RST is not set = 0x19000840
[    0.759193] scsi host0: ahci
[    0.759703] scsi host1: ahci
[    0.760125] scsi host2: ahci
[    0.760445] scsi host3: ahci
[    0.760869] scsi host4: ahci
[    0.761072] scsi host5: ahci
[    0.761281] scsi host6: ahci
[    0.761486] scsi host7: ahci
[    0.761557] ata1: SATA max UDMA/133 abar m2048@0x70b02000 port 0x70b02100 irq 125
[    0.761562] ata2: SATA max UDMA/133 abar m2048@0x70b02000 port 0x70b02180 irq 125
[    0.761564] ata3: SATA max UDMA/133 abar m2048@0x70b02000 port 0x70b02200 irq 125
[    0.761567] ata4: SATA max UDMA/133 abar m2048@0x70b02000 port 0x70b02280 irq 125
[    0.761569] ata5: SATA max UDMA/133 abar m2048@0x70b02000 port 0x70b02300 irq 125
[    0.761572] ata6: SATA max UDMA/133 abar m2048@0x70b02000 port 0x70b02380 irq 125
[    0.761575] ata7: SATA max UDMA/133 abar m2048@0x70b02000 port 0x70b02400 irq 125
[    0.761577] ata8: SATA max UDMA/133 abar m2048@0x70b02000 port 0x70b02480 irq 125
[    1.076377] ata4: SATA link down (SStatus 4 SControl 300)
[    1.076768] ata1: SATA link down (SStatus 4 SControl 300)
[    1.076917] ata3: SATA link down (SStatus 4 SControl 300)
[    1.077351] ata2: SATA link down (SStatus 4 SControl 300)
[    1.077561] ata8: SATA link up 6.0 Gbps (SStatus 133 SControl 300)
[    1.077646] ata7: SATA link up 6.0 Gbps (SStatus 133 SControl 300)
[    1.077733] ata6: SATA link down (SStatus 4 SControl 300)
[    1.077768] ata5: SATA link down (SStatus 4 SControl 300)
[    1.078103] ata7.00: ATA-9: SAMSUNG SATA SSD, DXM9203Q, max UDMA/133
[    1.078438] ata7.00: NCQ Send/Recv Log not supported
[    1.078444] ata7.00: 468862128 sectors, multi 16: LBA48 NCQ (depth 32), AA
[    1.078857] ata7.00: Features: Dev-Sleep
[    1.079289] ata7.00: NCQ Send/Recv Log not supported
[    1.079479] ata8.00: supports DRM functions and may not be fully accessible
[    1.079485] ata8.00: ATA-11: Samsung SSD 860 PRO 256GB, RVM01B6Q, max UDMA/133
[    1.079495] ata7.00: configured for UDMA/133
[    1.080363] ata8.00: 500118192 sectors, multi 1: LBA48 NCQ (depth 32), AA
[    1.083839] ata8.00: Features: Trust Dev-Sleep NCQ-sndrcv
[    1.084282] ata8.00: supports DRM functions and may not be fully accessible
[    1.088788] ata8.00: configured for UDMA/133
[    2.694023] mei_me 0000:00:14.0: wait hw ready failed
[    2.694038] fbcon: Taking over console
[    2.694051] mei_me 0000:00:14.0: hw_start failed ret = -62
[    2.694077] mei_me 0000:00:14.0: H_RST is not set = 0x19000840
[    4.710019] mei_me 0000:00:14.0: wait hw ready failed
[    4.710038] mei_me 0000:00:14.0: hw_start failed ret = -62
[    4.710063] mei_me 0000:00:14.0: H_RST is not set = 0x19000840
[    6.726017] mei_me 0000:00:14.0: wait hw ready failed
[    6.726036] mei_me 0000:00:14.0: hw_start failed ret = -62
[    6.726055] mei_me 0000:00:14.0: reset: reached maximal consecutive resets: disabling the device
[    6.726063] mei_me 0000:00:14.0: reset failed ret = -19
[    6.726068] mei_me 0000:00:14.0: link layer initialization failed.
[    6.726074] mei_me 0000:00:14.0: init hw failure.
[    6.726244] mei_me 0000:00:14.0: initialization failed.
[    6.727763] scsi 6:0:0:0: Direct-Access     ATA      SAMSUNG SATA SSD 203Q PQ: 0 ANSI: 5
[    6.728342] sd 6:0:0:0: Attached scsi generic sg0 type 0
[    6.728540] ata7.00: Enabling discard_zeroes_data
[    6.728727] scsi 7:0:0:0: Direct-Access     ATA      Samsung SSD 860  1B6Q PQ: 0 ANSI: 5
[    6.728963] sd 7:0:0:0: Attached scsi generic sg1 type 0
[    6.728984] sd 6:0:0:0: [sda] 468862128 512-byte logical blocks: (240 GB/224 GiB)
[    6.729047] ata8.00: Enabling discard_zeroes_data
[    6.729088] sd 6:0:0:0: [sda] Write Protect is off
[    6.729096] sd 6:0:0:0: [sda] Mode Sense: 00 3a 00 00
[    6.729157] sd 6:0:0:0: [sda] Write cache: enabled, read cache: enabled, doesn't support DPO or FUA
[    6.729264] sd 7:0:0:0: [sdb] 500118192 512-byte logical blocks: (256 GB/238 GiB)
[    6.729361] sd 7:0:0:0: [sdb] Write Protect is off
[    6.729369] sd 7:0:0:0: [sdb] Mode Sense: 00 3a 00 00
[    6.729423] sd 7:0:0:0: [sdb] Write cache: enabled, read cache: enabled, doesn't support DPO or FUA
[    6.729725] ata7.00: Enabling discard_zeroes_data
[    6.729980] ata8.00: Enabling discard_zeroes_data
[    6.746897] ata7.00: Enabling discard_zeroes_data
[    6.752911]  sdb: sdb1 sdb2
[    6.753240] ata8.00: Enabling discard_zeroes_data
[    6.766042] sd 6:0:0:0: [sda] Attached SCSI disk
[    6.783064] sd 7:0:0:0: [sdb] supports TCG Opal
[    6.783069] sd 7:0:0:0: [sdb] Attached SCSI disk
[    6.787432] xhci_hcd 0000:00:14.0: xHCI Host Controller
[    6.787463] xhci_hcd 0000:00:14.0: new USB bus registered, assigned bus number 1
[    6.788679] xhci_hcd 0000:00:14.0: hcc params 0x20007fc1 hci version 0x120 quirks 0x0000000000009810
[    6.789178] usb usb1: New USB device found, idVendor=1d6b, idProduct=0002, bcdDevice= 5.17
[    6.789187] usb usb1: New USB device strings: Mfr=3, Product=2, SerialNumber=1
[    6.789192] usb usb1: Product: xHCI Host Controller
[    6.789196] usb usb1: Manufacturer: Linux 5.17.4 xhci-hcd
[    6.789199] usb usb1: SerialNumber: 0000:00:14.0
[    6.789685] hub 1-0:1.0: USB hub found
[    6.789721] hub 1-0:1.0: 16 ports detected
[    6.792616] xhci_hcd 0000:00:14.0: xHCI Host Controller
[    6.792618] xhci_hcd 0000:00:14.0: new USB bus registered, assigned bus number 2
[    6.792619] xhci_hcd 0000:00:14.0: Host supports USB 3.2 Enhanced SuperSpeed
[    6.792639] usb usb2: New USB device found, idVendor=1d6b, idProduct=0003, bcdDevice= 5.17
[    6.792640] usb usb2: New USB device strings: Mfr=3, Product=2, SerialNumber=1
[    6.792640] usb usb2: Product: xHCI Host Controller
[    6.792641] usb usb2: Manufacturer: Linux 5.17.4 xhci-hcd
[    6.792641] usb usb2: SerialNumber: 0000:00:14.0
[    6.792697] hub 2-0:1.0: USB hub found
[    6.792714] hub 2-0:1.0: 9 ports detected
[    6.976544] EXT4-fs (sdb2): mounted filesystem with ordered data mode. Quota mode: none.
[    7.046000] usb 1-2: new high-speed USB device number 2 using xhci_hcd
[    7.056421] systemd[1]: Inserted module 'autofs4'
[    7.071872] systemd[1]: systemd 249.11-0ubuntu3.9 running in system mode (+PAM +AUDIT +SELINUX +APPARMOR +IMA +SMACK +SECCOMP +GCRYPT +GNUTLS +OPENSSL +ACL +BLKID +CURL +ELFUTILS +FIDO2 +IDN2 -IDN +IPTC +KMOD +LIBCRYPTSETUP +LIBFDISK +PCRE2 -PWQUALITY -P11KIT -QRENCODE +BZIP2 +LZ4 +XZ +ZLIB +ZSTD -XKBCOMMON +UTMP +SYSVINIT default-hierarchy=unified)
[    7.089915] systemd[1]: Detected architecture x86-64.
[    7.090100] systemd[1]: Hostname set to <dcslab-desktop>.
[    7.177036] systemd[1]: Queued start job for default target Graphical Interface.
[    7.177907] systemd[1]: Created slice Slice /system/modprobe.
[    7.178043] systemd[1]: Created slice Slice /system/systemd-fsck.
[    7.178106] systemd[1]: Created slice User and Session Slice.
[    7.178129] systemd[1]: Started Forward Password Requests to Wall Directory Watch.
[    7.178184] systemd[1]: Set up automount Arbitrary Executable File Formats File System Automount Point.
[    7.178204] systemd[1]: Reached target User and Group Name Lookups.
[    7.178210] systemd[1]: Reached target Remote File Systems.
[    7.178214] systemd[1]: Reached target Slice Units.
[    7.178219] systemd[1]: Reached target Mounting snaps.
[    7.178228] systemd[1]: Reached target Local Verity Protected Volumes.
[    7.178269] systemd[1]: Listening on Syslog Socket.
[    7.178293] systemd[1]: Listening on fsck to fsckd communication Socket.
[    7.178309] systemd[1]: Listening on initctl Compatibility Named Pipe.
[    7.178358] systemd[1]: Listening on Journal Audit Socket.
[    7.178381] systemd[1]: Listening on Journal Socket (/dev/log).
[    7.178409] systemd[1]: Listening on Journal Socket.
[    7.178545] systemd[1]: Listening on udev Control Socket.
[    7.178568] systemd[1]: Listening on udev Kernel Socket.
[    7.178795] systemd[1]: Mounting Huge Pages File System...
[    7.179048] systemd[1]: Mounting POSIX Message Queue File System...
[    7.179313] systemd[1]: Mounting Kernel Debug File System...
[    7.179561] systemd[1]: Mounting Kernel Trace File System...
[    7.180491] systemd[1]: Starting Journal Service...
[    7.180823] systemd[1]: Starting Set the console keyboard layout...
[    7.181098] systemd[1]: Starting Create List of Static Device Nodes...
[    7.181366] systemd[1]: Starting Load Kernel Module chromeos_pstore...
[    7.181615] systemd[1]: Starting Load Kernel Module configfs...
[    7.181877] systemd[1]: Starting Load Kernel Module drm...
[    7.182246] systemd[1]: Starting Load Kernel Module efi_pstore...
[    7.182764] systemd[1]: Starting Load Kernel Module fuse...
[    7.183295] systemd[1]: Starting Load Kernel Module pstore_blk...
[    7.183779] systemd[1]: Starting Load Kernel Module pstore_zone...
[    7.184298] systemd[1]: Starting Load Kernel Module ramoops...
[    7.184413] systemd[1]: Condition check resulted in File System Check on Root Device being skipped.
[    7.186689] pstore: Using crash dump compression: deflate
[    7.186692] pstore: Registered efi as persistent store backend
[    7.186816] systemd[1]: Starting Load Kernel Modules...
[    7.187137] systemd[1]: Starting Remount Root and Kernel File Systems...
[    7.187172] ACPI: bus type drm_connector registered
[    7.187428] systemd[1]: Starting Coldplug All udev Devices...
[    7.187944] systemd[1]: Mounted Huge Pages File System.
[    7.187971] systemd[1]: Mounted POSIX Message Queue File System.
[    7.187987] systemd[1]: Mounted Kernel Debug File System.
[    7.188003] systemd[1]: Mounted Kernel Trace File System.
[    7.188082] systemd[1]: Finished Create List of Static Device Nodes.
[    7.188171] systemd[1]: modprobe@configfs.service: Deactivated successfully.
[    7.188234] systemd[1]: Finished Load Kernel Module configfs.
[    7.188294] systemd[1]: modprobe@drm.service: Deactivated successfully.
[    7.188350] systemd[1]: Finished Load Kernel Module drm.
[    7.188405] systemd[1]: modprobe@efi_pstore.service: Deactivated successfully.
[    7.188462] systemd[1]: Finished Load Kernel Module efi_pstore.
[    7.188513] systemd[1]: modprobe@fuse.service: Deactivated successfully.
[    7.188567] systemd[1]: Finished Load Kernel Module fuse.
[    7.188618] systemd[1]: modprobe@pstore_blk.service: Deactivated successfully.
[    7.188672] systemd[1]: Finished Load Kernel Module pstore_blk.
[    7.188722] systemd[1]: modprobe@pstore_zone.service: Deactivated successfully.
[    7.188774] systemd[1]: Finished Load Kernel Module pstore_zone.
[    7.188823] systemd[1]: modprobe@ramoops.service: Deactivated successfully.
[    7.188876] systemd[1]: Finished Load Kernel Module ramoops.
[    7.189150] systemd[1]: Mounting FUSE Control File System...
[    7.189391] systemd[1]: Mounting Kernel Configuration File System...
[    7.190089] systemd[1]: Mounted FUSE Control File System.
[    7.190112] systemd[1]: Mounted Kernel Configuration File System.
[    7.190913] EXT4-fs (sdb2): re-mounted. Quota mode: none.
[    7.191178] systemd[1]: Finished Remount Root and Kernel File Systems.
[    7.191459] systemd[1]: Activating swap /swapfile...
[    7.191726] systemd[1]: Starting Load/Save Random Seed...
[    7.191980] systemd[1]: Starting Create System Users...
[    7.194154] lp: driver loaded but no devices found
[    7.194874] Adding 2097148k swap on /swapfile.  Priority:-2 extents:16 across:232914944k SSFS
[    7.194893] systemd[1]: Activated swap /swapfile.
[    7.194911] systemd[1]: Reached target Swaps.
[    7.195620] ppdev: user-space parallel port driver
[    7.197641] systemd[1]: Started Journal Service.
[    7.200333] systemd-journald[442]: Received client request to flush runtime journal.
[    7.203825] usb 1-2: New USB device found, idVendor=05e3, idProduct=0608, bcdDevice=88.32
[    7.203827] usb 1-2: New USB device strings: Mfr=0, Product=1, SerialNumber=0
[    7.203828] usb 1-2: Product: USB2.0 Hub
[    7.204492] hub 1-2:1.0: USB hub found
[    7.204762] hub 1-2:1.0: 4 ports detected
[    7.215247] loop0: detected capacity change from 0 to 8
[    7.215540] loop1: detected capacity change from 0 to 129936
[    7.215838] loop2: detected capacity change from 0 to 129952
[    7.217499] loop3: detected capacity change from 0 to 151240
[    7.217775] loop4: detected capacity change from 0 to 151248
[    7.218912] loop5: detected capacity change from 0 to 501248
[    7.219603] loop6: detected capacity change from 0 to 500704
[    7.220505] loop7: detected capacity change from 0 to 709280
[    7.221489] loop8: detected capacity change from 0 to 716168
[    7.222636] loop9: detected capacity change from 0 to 943480
[    7.223176] loop10: detected capacity change from 0 to 955472
[    7.223888] loop11: detected capacity change from 0 to 187776
[    7.224970] loop12: detected capacity change from 0 to 94064
[    7.225395] loop13: detected capacity change from 0 to 25240
[    7.226841] loop14: detected capacity change from 0 to 109072
[    7.227046] loop15: detected capacity change from 0 to 109072
[    7.228138] loop16: detected capacity change from 0 to 608
[    7.228666] loop17: detected capacity change from 0 to 904
[    7.317106] acpi PNP0C14:01: duplicate WMI GUID 05901221-D566-11D1-B2F0-00A0C9062910 (first instance was on PNP0C14:00)
[    7.323977] cryptd: max_cpu_qlen set to 1000
[    7.324627] nvme 0000:01:00.0: platform quirk: setting simple suspend
[    7.324805] nvme nvme0: pci function 0000:01:00.0
[    7.324851] nvme 0000:02:00.0: platform quirk: setting simple suspend
[    7.324904] nvme nvme1: pci function 0000:02:00.0
[    7.325669] r8169 0000:03:00.0: enabling device (0000 -> 0003)
[    7.325764] r8169 0000:03:00.0: can't disable ASPM; OS doesn't have ASPM control
[    7.328877] AVX2 version of gcm_enc/dec engaged.
[    7.328910] AES CTR mode by8 optimization enabled
[    7.331945] nvme nvme0: Shutdown timeout set to 10 seconds
[    7.337905] usb 1-6: new high-speed USB device number 3 using xhci_hcd
[    7.338794] nvme nvme0: 24/0/0 default/read/poll queues
[    7.339989] r8169 0000:03:00.0 eth0: RTL8125B, 9c:6b:00:06:44:22, XID 641, IRQ 153
[    7.339992] r8169 0000:03:00.0 eth0: jumbo features [frames: 9194 bytes, tx checksumming: ko]
[    7.374037] nvme nvme1: 24/0/0 default/read/poll queues
[    7.379450]  nvme1n1: p1 p2 p3
[    7.495812] usb 1-6: New USB device found, idVendor=05e3, idProduct=0608, bcdDevice=88.32
[    7.495822] usb 1-6: New USB device strings: Mfr=0, Product=1, SerialNumber=0
[    7.495825] usb 1-6: Product: USB2.0 Hub
[    7.497194] hub 1-6:1.0: USB hub found
[    7.497547] hub 1-6:1.0: 4 ports detected
[    7.625920] usb 1-13: new full-speed USB device number 4 using xhci_hcd
[    7.783969] usb 1-13: New USB device found, idVendor=26ce, idProduct=01a2, bcdDevice= 0.00
[    7.783980] usb 1-13: New USB device strings: Mfr=1, Product=2, SerialNumber=3
[    7.783984] usb 1-13: Product: LED Controller
[    7.783986] usb 1-13: Manufacturer: ASRock
[    7.783988] usb 1-13: SerialNumber: A02019100900
[    7.810598] hid: raw HID events driver (C) Jiri Kosina
[    7.869912] usb 1-6.4: new full-speed USB device number 5 using xhci_hcd
[    7.977831] usb 1-6.4: New USB device found, idVendor=046d, idProduct=c52b, bcdDevice=12.11
[    7.977840] usb 1-6.4: New USB device strings: Mfr=1, Product=2, SerialNumber=0
[    7.977843] usb 1-6.4: Product: USB Receiver
[    7.977846] usb 1-6.4: Manufacturer: Logitech
[    8.016648] usbcore: registered new interface driver usbhid
[    8.016652] usbhid: USB HID core driver
[    8.383600] r8169 0000:03:00.0 enp3s0: renamed from eth0
[    8.384070] input: ASRock LED Controller as /devices/pci0000:00/0000:00:14.0/usb1/1-13/1-13:1.0/0003:26CE:01A2.0001/input/input3
[    8.410961] i915 0000:00:02.0: vgaarb: deactivate vga console
[    8.411589] i915 0000:00:02.0: vgaarb: changed VGA decodes: olddecodes=io+mem,decodes=io+mem:owns=io+mem
[    8.413674] i915 0000:00:02.0: [drm] Finished loading DMC firmware i915/adls_dmc_ver2_01.bin (v2.1)
[    8.413907] snd_hda_intel 0000:00:1f.3: enabling device (0000 -> 0002)
[    8.414110] snd_hda_intel 0000:00:1f.3: number of I/O streams is 16, forcing separate stream tags
[    8.428847] snd_hda_codec_realtek hdaudioC0D0: autoconfig for ALC897: line_outs=1 (0x14/0x0/0x0/0x0/0x0) type:line
[    8.428849] snd_hda_codec_realtek hdaudioC0D0:    speaker_outs=0 (0x0/0x0/0x0/0x0/0x0)
[    8.428850] snd_hda_codec_realtek hdaudioC0D0:    hp_outs=1 (0x1b/0x0/0x0/0x0/0x0)
[    8.428851] snd_hda_codec_realtek hdaudioC0D0:    mono: mono_out=0x0
[    8.428852] snd_hda_codec_realtek hdaudioC0D0:    inputs:
[    8.428852] snd_hda_codec_realtek hdaudioC0D0:      Front Mic=0x19
[    8.428853] snd_hda_codec_realtek hdaudioC0D0:      Rear Mic=0x18
[    8.428853] snd_hda_codec_realtek hdaudioC0D0:      Line=0x1a
[    8.441940] hid-generic 0003:26CE:01A2.0001: input,hidraw0: USB HID v1.10 Device [ASRock LED Controller] on usb-0000:00:14.0-13/input0
[    8.442020] input: Logitech USB Receiver as /devices/pci0000:00/0000:00:14.0/usb1/1-6/1-6.4/1-6.4:1.0/0003:046D:C52B.0002/input/input4
[    8.450168] input: HDA Intel Front Mic as /devices/pci0000:00/0000:00:1f.3/sound/card0/input5
[    8.501973] hid-generic 0003:046D:C52B.0002: input,hidraw1: USB HID v1.11 Keyboard [Logitech USB Receiver] on usb-0000:00:14.0-6.4/input0
[    8.501997] input: HDA Intel Rear Mic as /devices/pci0000:00/0000:00:1f.3/sound/card0/input6
[    8.502017] input: HDA Intel Line as /devices/pci0000:00/0000:00:1f.3/sound/card0/input7
[    8.502034] input: HDA Intel Line Out as /devices/pci0000:00/0000:00:1f.3/sound/card0/input8
[    8.502056] input: HDA Intel Front Headphone as /devices/pci0000:00/0000:00:1f.3/sound/card0/input9
[    8.502076] input: HDA Intel HDMI/DP,pcm=3 as /devices/pci0000:00/0000:00:1f.3/sound/card0/input10
[    8.502122] input: Logitech USB Receiver Mouse as /devices/pci0000:00/0000:00:14.0/usb1/1-6/1-6.4/1-6.4:1.1/0003:046D:C52B.0003/input/input11
[    8.561965] input: Logitech USB Receiver Consumer Control as /devices/pci0000:00/0000:00:14.0/usb1/1-6/1-6.4/1-6.4:1.1/0003:046D:C52B.0003/input/input12
[    8.561997] input: Logitech USB Receiver System Control as /devices/pci0000:00/0000:00:14.0/usb1/1-6/1-6.4/1-6.4:1.1/0003:046D:C52B.0003/input/input13
[    8.562039] hid-generic 0003:046D:C52B.0003: input,hiddev0,hidraw2: USB HID v1.11 Mouse [Logitech USB Receiver] on usb-0000:00:14.0-6.4/input1
[    8.562113] hid-generic 0003:046D:C52B.0004: hiddev1,hidraw3: USB HID v1.11 Device [Logitech USB Receiver] on usb-0000:00:14.0-6.4/input2
[    8.669915] RTL8226B_RTL8221B 2.5Gbps PHY r8169-0-300:00: attached PHY driver (mii_bus:phy_addr=r8169-0-300:00, irq=MAC)
[    8.882064] r8169 0000:03:00.0 enp3s0: Link is Down
[    8.906120] logitech-djreceiver 0003:046D:C52B.0004: hiddev0,hidraw1: USB HID v1.11 Device [Logitech USB Receiver] on usb-0000:00:14.0-6.4/input2
[    9.033956] input: Logitech Wireless Device PID:4082 Keyboard as /devices/pci0000:00/0000:00:14.0/usb1/1-6/1-6.4/1-6.4:1.2/0003:046D:C52B.0004/0003:046D:4082.0005/input/input15
[    9.034052] input: Logitech Wireless Device PID:4082 Mouse as /devices/pci0000:00/0000:00:14.0/usb1/1-6/1-6.4/1-6.4:1.2/0003:046D:C52B.0004/0003:046D:4082.0005/input/input16
[    9.034091] hid-generic 0003:046D:4082.0005: input,hidraw2: USB HID v1.11 Keyboard [Logitech Wireless Device PID:4082] on usb-0000:00:14.0-6.4/input2:1
[    9.035977] input: Logitech Wireless Device PID:408a Keyboard as /devices/pci0000:00/0000:00:14.0/usb1/1-6/1-6.4/1-6.4:1.2/0003:046D:C52B.0004/0003:046D:408A.0006/input/input20
[    9.036050] input: Logitech Wireless Device PID:408a Mouse as /devices/pci0000:00/0000:00:14.0/usb1/1-6/1-6.4/1-6.4:1.2/0003:046D:C52B.0004/0003:046D:408A.0006/input/input21
[    9.036091] hid-generic 0003:046D:408A.0006: input,hidraw3: USB HID v1.11 Keyboard [Logitech Wireless Device PID:408a] on usb-0000:00:14.0-6.4/input2:2
[    9.050657] loop18: detected capacity change from 0 to 8
[    9.079108] i915 0000:00:02.0: [drm] failed to retrieve link info, disabling eDP
[    9.088488] i915 0000:00:02.0: [drm] GuC firmware i915/tgl_guc_62.0.0.bin version 62.0 submission:enabled
[    9.088490] i915 0000:00:02.0: [drm] GuC SLPC: enabled
[    9.088491] i915 0000:00:02.0: [drm] HuC firmware i915/tgl_huc_7.9.3.bin version 7.9 authenticated:yes
[    9.088723] i915 0000:00:02.0: [drm] GuC RC: enabled
[    9.090364] [drm] Initialized i915 1.6.0 20201103 for 0000:00:02.0 on minor 0
[    9.090975] ACPI: video: Video Device [GFX0] (multi-head: yes  rom: no  post: no)
[    9.091278] input: Video Bus as /devices/LNXSYSTM:00/LNXSYBUS:00/PNP0A08:00/LNXVIDEO:00/input/input25
[    9.298387] i915 0000:00:02.0: [drm] Cannot find any crtc or sizes
[    9.298460] i915 0000:00:02.0: [drm] Cannot find any crtc or sizes
[    9.363858] input: Logitech MX Master 3 as /devices/pci0000:00/0000:00:14.0/usb1/1-6/1-6.4/1-6.4:1.2/0003:046D:C52B.0004/0003:046D:4082.0005/input/input26
[    9.363934] logitech-hidpp-device 0003:046D:4082.0005: input,hidraw2: USB HID v1.11 Keyboard [Logitech MX Master 3] on usb-0000:00:14.0-6.4/input2:1
[    9.699867] input: Logitech MX Keys as /devices/pci0000:00/0000:00:14.0/usb1/1-6/1-6.4/1-6.4:1.2/0003:046D:C52B.0004/0003:046D:408A.0006/input/input27
[    9.700082] logitech-hidpp-device 0003:046D:408A.0006: input,hidraw3: USB HID v1.11 Keyboard [Logitech MX Keys] on usb-0000:00:14.0-6.4/input2:2
[   10.521901] snd_hda_intel 0000:00:1f.3: azx_get_response timeout, switching to polling mode: last cmd=0x20470100
[   10.576776] rfkill: input handler disabled
[   11.197349] r8169 0000:03:00.0 enp3s0: Link is Up - 1Gbps/Full - flow control rx/tx
[   11.197385] IPv6: ADDRCONF(NETDEV_CHANGE): enp3s0: link becomes ready
[   11.534024] snd_hda_intel 0000:00:1f.3: No response from codec, disabling MSI: last cmd=0x20470100
[   12.546021] snd_hda_intel 0000:00:1f.3: azx_get_response timeout, switching to single_cmd mode: last cmd=0x20470100
[   13.495897] snd_hda_codec_realtek hdaudioC0D0: Unable to sync register 0x2b8000. -5
[   13.496414] snd_hda_codec_realtek hdaudioC0D0: Unable to sync register 0x2b8000. -5
[   19.718598] azx_single_send_cmd: 735 callbacks suppressed
[ 2907.353031] module init
[ 2920.074345] (f2fs_mount 4635)
[ 2920.074447] F2FS-fs (dm-0): Small segment_count (2604800 < 256 * 12165)
[ 2920.074448] F2FS-fs (dm-0): Can't find valid F2FS filesystem in 1th superblock
[ 2920.074478] F2FS-fs (dm-0): Small segment_count (2604800 < 256 * 12165)
[ 2920.074478] F2FS-fs (dm-0): Can't find valid F2FS filesystem in 2th superblock
[ 5452.978913] (f2fs_mount 4635)
[ 5452.994870] I/O error, dev nvme0n1, sector 0 op 0x1:(WRITE) flags 0x800 phys_seg 1 prio class 0
[ 5452.994886] Buffer I/O error on dev dm-0, logical block 0, lost sync page write
[ 5452.994904] F2FS-fs (dm-0): Fix alignment : failed, start(7602176) end(1333723136) block(1326055424)
[ 5452.994909] F2FS-fs (dm-0): Can't find valid F2FS filesystem in 1th superblock
[ 5452.995300] I/O error, dev nvme0n1, sector 8 op 0x1:(WRITE) flags 0x800 phys_seg 1 prio class 0
[ 5452.995305] Buffer I/O error on dev dm-0, logical block 1, lost sync page write
[ 5452.995311] F2FS-fs (dm-0): Fix alignment : failed, start(7602176) end(1333723136) block(1326055424)
[ 5452.995314] F2FS-fs (dm-0): Can't find valid F2FS filesystem in 2th superblock
[ 6088.448719] (f2fs_mount 4635)
[ 6088.448805] F2FS-fs (dm-0): Magic Mismatch, valid(0xf2f52010) - read(0x0)
[ 6088.448812] F2FS-fs (dm-0): Can't find valid F2FS filesystem in 1th superblock
[ 6088.448897] F2FS-fs (dm-0): Magic Mismatch, valid(0xf2f52010) - read(0x0)
[ 6088.448900] F2FS-fs (dm-0): Can't find valid F2FS filesystem in 2th superblock
[ 6106.049893] (f2fs_mount 4635)
[ 6107.086888] F2FS-fs (dm-0): IO Block Size:        4 KB
[ 6107.087195] (f2fs_start_merge_thread : 2548) start merge thread
[ 6107.087409] (f2fs_start_merge_thread : 2557) start merge thread success
[ 6107.087414] (f2fs_build_segment_manager:6591)
[ 6107.087416] (f2fs_build_segment_manager:6604)
[ 6107.087661] (f2fs_build_segment_manager:6623)
[ 6107.087828] (f2fs_build_segment_manager:6629)
[ 6107.130967] (f2fs_build_segment_manager:6633)
[ 6107.131014] (GET_SEGNO_FROM_SEG0:1093)
[ 6107.131015] (GET_SEGNO_FROM_SEG0:1097)
[ 6107.131020] divide error: 0000 [#1] PREEMPT SMP NOPTI
[ 6107.131023] CPU: 2 PID: 5336 Comm: mount Not tainted 5.17.4 #8
[ 6107.131024] Hardware name: To Be Filled By O.E.M. Z790 Pro RS/Z790 Pro RS, BIOS 3.12 10/05/2022
[ 6107.131025] RIP: 0010:GET_SEGNO_FROM_SEG0+0x91/0xc8 [f2fs]
[ 6107.131044] Code: 00 00 41 89 c5 e8 2c dc 56 f1 44 89 e0 31 d2 48 8b 8b 90 00 00 00 f7 73 70 8b 83 64 04 00 00 48 c7 c7 86 fc 0e c1 89 d6 31 d2 <f7> b1 24 01 00 00 31 d2 89 c1 89 f0 48 c7 c6 00 da 0e c1 f7 f1 ba
[ 6107.131046] RSP: 0018:ffffa83909d57b40 EFLAGS: 00010246
[ 6107.131047] RAX: 0000000000000200 RBX: ffff8ff7d5531000 RCX: ffff8ff7eca4b400
[ 6107.131049] RDX: 0000000000000000 RSI: 0000000000000000 RDI: ffffffffc10efc86
[ 6107.131050] RBP: ffffa83909d57b58 R08: 0000000000000003 R09: fffffffffffd1618
[ 6107.131050] R10: 0000000000ffff0a R11: 0000000000000001 R12: 0000000000740000
[ 6107.131051] R13: 000000000000003a R14: ffff8ff7d5531000 R15: 000000000000ba00
[ 6107.131052] FS:  00007f5011d6e800(0000) GS:ffff8fff2f280000(0000) knlGS:0000000000000000
[ 6107.131052] CS:  0010 DS: 0000 ES: 0000 CR0: 0000000080050033
[ 6107.131053] CR2: 000055e56021d028 CR3: 00000001611a6004 CR4: 0000000000770ee0
[ 6107.131054] PKRU: 55555554
[ 6107.131054] Call Trace:
[ 6107.131056]  <TASK>
[ 6107.131057]  f2fs_build_segment_manager.cold+0x6ff/0x1dc1 [f2fs]
[ 6107.131066]  ? vprintk_default+0x1d/0x20
[ 6107.131069]  ? vprintk+0x59/0x90
[ 6107.131070]  ? _printk+0x58/0x70
[ 6107.131073]  f2fs_fill_super+0x1327/0x2220 [f2fs]
[ 6107.131081]  ? pointer+0x361/0x4f0
[ 6107.131083]  ? snprintf+0x49/0x70
[ 6107.131085]  mount_bdev+0x194/0x1c0
[ 6107.131086]  ? mount_bdev+0x194/0x1c0
[ 6107.131087]  ? f2fs_commit_super+0x1b0/0x1b0 [f2fs]
[ 6107.131094]  f2fs_mount+0x4d/0x58 [f2fs]
[ 6107.131103]  legacy_get_tree+0x28/0x50
[ 6107.131104]  vfs_get_tree+0x21/0x90
[ 6107.131105]  path_mount+0x714/0xac0
[ 6107.131107]  ? putname+0x56/0x70
[ 6107.131108]  __x64_sys_mount+0x109/0x140
[ 6107.131109]  do_syscall_64+0x59/0xc0
[ 6107.131111]  ? syscall_exit_to_user_mode+0x27/0x50
[ 6107.131112]  ? __x64_sys_newfstatat+0x1c/0x20
[ 6107.131114]  ? do_syscall_64+0x69/0xc0
[ 6107.131115]  entry_SYSCALL_64_after_hwframe+0x44/0xae
[ 6107.131116] RIP: 0033:0x7f5011f67eae
[ 6107.131117] Code: 48 8b 0d 85 1f 0f 00 f7 d8 64 89 01 48 83 c8 ff c3 66 2e 0f 1f 84 00 00 00 00 00 90 f3 0f 1e fa 49 89 ca b8 a5 00 00 00 0f 05 <48> 3d 01 f0 ff ff 73 01 c3 48 8b 0d 52 1f 0f 00 f7 d8 64 89 01 48
[ 6107.131118] RSP: 002b:00007fff46faef38 EFLAGS: 00000246 ORIG_RAX: 00000000000000a5
[ 6107.131119] RAX: ffffffffffffffda RBX: 0000000000000000 RCX: 00007f5011f67eae
[ 6107.131120] RDX: 000055e56021d070 RSI: 000055e560215e50 RDI: 000055e560215e30
[ 6107.131120] RBP: 000055e560215c00 R08: 0000000000000000 R09: 000055e56021be90
[ 6107.131121] R10: 0000000000000000 R11: 0000000000000246 R12: 0000000000000000
[ 6107.131121] R13: 000055e56021d070 R14: 000055e560215e30 R15: 000055e560215c00
[ 6107.131122]  </TASK>
[ 6107.131123] Modules linked in: f2fs dm_po2zone nvme_fabrics hid_logitech_hidpp input_leds joydev hid_logitech_dj binfmt_misc snd_hda_codec_hdmi snd_hda_codec_realtek snd_hda_codec_generic ledtrig_audio snd_hda_intel snd_intel_dspcfg snd_intel_sdw_acpi snd_hda_codec snd_hda_core snd_hwdep snd_pcm i915 snd_seq_midi snd_seq_midi_event snd_rawmidi ttm snd_seq drm_kms_helper snd_seq_device cec snd_timer hid_generic rc_core i2c_algo_bit fb_sys_fops syscopyarea usbhid x86_pkg_temp_thermal hid intel_powerclamp coretemp kvm_intel kvm crct10dif_pclmul crc32_pclmul ghash_clmulni_intel nls_iso8859_1 wmi_bmof aesni_intel snd sysfillrect r8169 crypto_simd sysimgblt nvme cryptd realtek soundcore nvme_core wmi video acpi_pad acpi_tad sch_fq_codel msr parport_pc ppdev lp parport ramoops pstore_blk reed_solomon pstore_zone drm efi_pstore ip_tables x_tables autofs4 xhci_pci xhci_pci_renesas mei_me ahci libahci mei mac_hid
[ 6107.131148] ---[ end trace 0000000000000000 ]---
[ 6107.189612] RIP: 0010:GET_SEGNO_FROM_SEG0+0x91/0xc8 [f2fs]
[ 6107.189623] Code: 00 00 41 89 c5 e8 2c dc 56 f1 44 89 e0 31 d2 48 8b 8b 90 00 00 00 f7 73 70 8b 83 64 04 00 00 48 c7 c7 86 fc 0e c1 89 d6 31 d2 <f7> b1 24 01 00 00 31 d2 89 c1 89 f0 48 c7 c6 00 da 0e c1 f7 f1 ba
[ 6107.189624] RSP: 0018:ffffa83909d57b40 EFLAGS: 00010246
[ 6107.189625] RAX: 0000000000000200 RBX: ffff8ff7d5531000 RCX: ffff8ff7eca4b400
[ 6107.189626] RDX: 0000000000000000 RSI: 0000000000000000 RDI: ffffffffc10efc86
[ 6107.189626] RBP: ffffa83909d57b58 R08: 0000000000000003 R09: fffffffffffd1618
[ 6107.189627] R10: 0000000000ffff0a R11: 0000000000000001 R12: 0000000000740000
[ 6107.189627] R13: 000000000000003a R14: ffff8ff7d5531000 R15: 000000000000ba00
[ 6107.189628] FS:  00007f5011d6e800(0000) GS:ffff8fff2f280000(0000) knlGS:0000000000000000
[ 6107.189629] CS:  0010 DS: 0000 ES: 0000 CR0: 0000000080050033
[ 6107.189629] CR2: 000055e56021d028 CR3: 00000001611a6004 CR4: 0000000000770ee0
[ 6107.189630] PKRU: 55555554
